// Jest Snapshot v1, https://goo.gl/fbAQLP

exports[`It should render the Not Found page 1`] = `
<div>
  404 Not Found!
  <Link
    replace={false}
    to="/"
  >
    Go Home
  </Link>
</div>
`;
